main.c:83:5:main	16	static
main.c:149:6:SystemClock_Config	128	static
main.c:193:13:MX_USART1_UART_Init	8	static
main.c:226:13:MX_USB_PCD_Init	8	static
main.c:255:13:MX_GPIO_Init	56	static
main.c:386:9:person_present	16	static
main.c:395:6:move_actuator	16	static
main.c:415:9:actuator_state	8	static
main.c:421:9:door_state	8	static
main.c:427:6:direction	16	static
main.c:435:6:brake	16	static
main.c:443:9:wind_sensor_state	8	static
main.c:450:6:initial_system_state	8	static
main.c:472:9:select_system	16	static
main.c:483:6:normal_state	80	static
main.c:602:6:emergency_close	8	static
main.c:628:6:remained_open	8	static
main.c:657:9:manager_auth	8	static
main.c:662:9:countstates	24	static
main.c:674:6:move_motor	80	static
main.c:714:6:Error_Handler	4	static,ignoring_inline_asm
