../Core/Src/main.c:369:6:brake.part.0	0	static
../Core/Src/main.c:154:6:SystemClock_Config	72	static,ignoring_inline_asm
../Core/Src/main.c:320:9:person_present	8	static
../Core/Src/main.c:329:6:move_actuator	8	static
../Core/Src/main.c:349:9:actuator_state	8	static
../Core/Src/main.c:355:9:door_state	8	static
../Core/Src/main.c:361:6:direction	0	static
../Core/Src/main.c:369:6:brake	0	static
../Core/Src/main.c:377:9:wind_sensor_state	8	static
../Core/Src/main.c:384:6:initial_system_state	8	static
../Core/Src/main.c:406:9:select_system	8	static
../Core/Src/main.c:542:6:emergency_close	8	static
../Core/Src/main.c:602:9:manager_auth	8	static
../Core/Src/main.c:607:9:countstates	0	static
../Core/Src/main.c:619:6:move_motor	24	static
../Core/Src/main.c:417:6:normal_state	16	static
../Core/Src/main.c:570:6:remained_open	16	static
../Core/Src/main.c:79:5:main	88	static,ignoring_inline_asm
../Core/Src/main.c:658:6:Error_Handler	0	static,ignoring_inline_asm
