../Core/Src/main.c:79:5:main	16	static
../Core/Src/main.c:154:6:SystemClock_Config	72	static
../Core/Src/main.c:194:13:MX_TIM2_Init	64	static
../Core/Src/main.c:253:13:MX_GPIO_Init	40	static
../Core/Src/main.c:328:9:person_present	16	static
../Core/Src/main.c:337:6:move_actuator	16	static
../Core/Src/main.c:357:9:actuator_state	8	static
../Core/Src/main.c:363:9:door_state	8	static
../Core/Src/main.c:369:6:direction	16	static
../Core/Src/main.c:377:6:brake	16	static
../Core/Src/main.c:385:9:wind_sensor_state	8	static
../Core/Src/main.c:392:6:initial_system_state	8	static
../Core/Src/main.c:414:9:select_system	16	static
../Core/Src/main.c:425:6:normal_state	72	static
../Core/Src/main.c:549:6:emergency_close	8	static
../Core/Src/main.c:577:6:remained_open	8	static
../Core/Src/main.c:607:9:manager_auth	8	static
../Core/Src/main.c:612:9:countstates	24	static
../Core/Src/main.c:624:6:move_motor	80	static
../Core/Src/main.c:663:6:Error_Handler	4	static,ignoring_inline_asm
